------------------------------------------------------------
Timing Analyzer Summary
------------------------------------------------------------

Type  : Slow 1100mV 85C Model Setup 'clock'
Slack : -1.082
TNS   : -15.105

Type  : Slow 1100mV 85C Model Hold 'clock'
Slack : 0.271
TNS   : 0.000

Type  : Slow 1100mV 85C Model Recovery 'clock'
Slack : -0.901
TNS   : -3.600

Type  : Slow 1100mV 85C Model Removal 'clock'
Slack : 1.247
TNS   : 0.000

Type  : Slow 1100mV 85C Model Minimum Pulse Width 'clock'
Slack : -0.538
TNS   : -17.878

Type  : Slow 1100mV 0C Model Setup 'clock'
Slack : -1.123
TNS   : -14.884

Type  : Slow 1100mV 0C Model Hold 'clock'
Slack : 0.246
TNS   : 0.000

Type  : Slow 1100mV 0C Model Recovery 'clock'
Slack : -0.871
TNS   : -3.479

Type  : Slow 1100mV 0C Model Removal 'clock'
Slack : 1.176
TNS   : 0.000

Type  : Slow 1100mV 0C Model Minimum Pulse Width 'clock'
Slack : -0.538
TNS   : -18.528

Type  : Fast 1100mV 85C Model Setup 'clock'
Slack : -0.008
TNS   : -0.008

Type  : Fast 1100mV 85C Model Hold 'clock'
Slack : 0.143
TNS   : 0.000

Type  : Fast 1100mV 85C Model Recovery 'clock'
Slack : 0.106
TNS   : 0.000

Type  : Fast 1100mV 85C Model Removal 'clock'
Slack : 0.563
TNS   : 0.000

Type  : Fast 1100mV 85C Model Minimum Pulse Width 'clock'
Slack : -0.091
TNS   : -2.028

Type  : Fast 1100mV 0C Model Setup 'clock'
Slack : 0.055
TNS   : 0.000

Type  : Fast 1100mV 0C Model Hold 'clock'
Slack : 0.127
TNS   : 0.000

Type  : Fast 1100mV 0C Model Recovery 'clock'
Slack : 0.189
TNS   : 0.000

Type  : Fast 1100mV 0C Model Removal 'clock'
Slack : 0.511
TNS   : 0.000

Type  : Fast 1100mV 0C Model Minimum Pulse Width 'clock'
Slack : -0.092
TNS   : -2.090

------------------------------------------------------------
