------------------------------------------------------------
Timing Analyzer Summary
------------------------------------------------------------

Type  : Slow 1100mV 85C Model Setup 'clock'
Slack : -2.084
TNS   : -49.146

Type  : Slow 1100mV 85C Model Hold 'clock'
Slack : 0.367
TNS   : 0.000

Type  : Slow 1100mV 85C Model Recovery 'clock'
Slack : -1.165
TNS   : -17.794

Type  : Slow 1100mV 85C Model Removal 'clock'
Slack : 1.050
TNS   : 0.000

Type  : Slow 1100mV 85C Model Minimum Pulse Width 'clock'
Slack : -0.538
TNS   : -30.324

Type  : Slow 1100mV 0C Model Setup 'clock'
Slack : -2.040
TNS   : -48.444

Type  : Slow 1100mV 0C Model Hold 'clock'
Slack : 0.345
TNS   : 0.000

Type  : Slow 1100mV 0C Model Recovery 'clock'
Slack : -1.153
TNS   : -17.664

Type  : Slow 1100mV 0C Model Removal 'clock'
Slack : 0.989
TNS   : 0.000

Type  : Slow 1100mV 0C Model Minimum Pulse Width 'clock'
Slack : -0.538
TNS   : -31.248

Type  : Fast 1100mV 85C Model Setup 'clock'
Slack : -0.377
TNS   : -5.636

Type  : Fast 1100mV 85C Model Hold 'clock'
Slack : 0.183
TNS   : 0.000

Type  : Fast 1100mV 85C Model Recovery 'clock'
Slack : -0.026
TNS   : -0.306

Type  : Fast 1100mV 85C Model Removal 'clock'
Slack : 0.500
TNS   : 0.000

Type  : Fast 1100mV 85C Model Minimum Pulse Width 'clock'
Slack : -0.094
TNS   : -3.563

Type  : Fast 1100mV 0C Model Setup 'clock'
Slack : -0.271
TNS   : -3.689

Type  : Fast 1100mV 0C Model Hold 'clock'
Slack : 0.170
TNS   : 0.000

Type  : Fast 1100mV 0C Model Recovery 'clock'
Slack : 0.043
TNS   : 0.000

Type  : Fast 1100mV 0C Model Removal 'clock'
Slack : 0.447
TNS   : 0.000

Type  : Fast 1100mV 0C Model Minimum Pulse Width 'clock'
Slack : -0.094
TNS   : -3.616

------------------------------------------------------------
