------------------------------------------------------------
Timing Analyzer Summary
------------------------------------------------------------

Type  : Slow 1100mV 85C Model Setup 'clock'
Slack : -1.285
TNS   : -18.943

Type  : Slow 1100mV 85C Model Hold 'clock'
Slack : 0.443
TNS   : 0.000

Type  : Slow 1100mV 85C Model Recovery 'clock'
Slack : -1.020
TNS   : -4.072

Type  : Slow 1100mV 85C Model Removal 'clock'
Slack : 0.963
TNS   : 0.000

Type  : Slow 1100mV 85C Model Minimum Pulse Width 'clock'
Slack : -0.538
TNS   : -20.945

Type  : Slow 1100mV 0C Model Setup 'clock'
Slack : -1.398
TNS   : -18.725

Type  : Slow 1100mV 0C Model Hold 'clock'
Slack : 0.448
TNS   : 0.000

Type  : Slow 1100mV 0C Model Recovery 'clock'
Slack : -1.010
TNS   : -4.030

Type  : Slow 1100mV 0C Model Removal 'clock'
Slack : 0.923
TNS   : 0.000

Type  : Slow 1100mV 0C Model Minimum Pulse Width 'clock'
Slack : -0.538
TNS   : -21.744

Type  : Fast 1100mV 85C Model Setup 'clock'
Slack : -0.084
TNS   : -0.258

Type  : Fast 1100mV 85C Model Hold 'clock'
Slack : 0.179
TNS   : 0.000

Type  : Fast 1100mV 85C Model Recovery 'clock'
Slack : 0.126
TNS   : 0.000

Type  : Fast 1100mV 85C Model Removal 'clock'
Slack : 0.436
TNS   : 0.000

Type  : Fast 1100mV 85C Model Minimum Pulse Width 'clock'
Slack : -0.093
TNS   : -2.406

Type  : Fast 1100mV 0C Model Setup 'clock'
Slack : -0.011
TNS   : -0.012

Type  : Fast 1100mV 0C Model Hold 'clock'
Slack : 0.168
TNS   : 0.000

Type  : Fast 1100mV 0C Model Recovery 'clock'
Slack : 0.180
TNS   : 0.000

Type  : Fast 1100mV 0C Model Removal 'clock'
Slack : 0.396
TNS   : 0.000

Type  : Fast 1100mV 0C Model Minimum Pulse Width 'clock'
Slack : -0.093
TNS   : -2.444

------------------------------------------------------------
