Archive Project report for naurosync
Wed Mar 19 11:09:39 2025
Quartus Prime Version 20.1.1 Build 720 11/11/2020 SJ Lite Edition


---------------------
; Table of Contents ;
---------------------
  1. Legal Notice
  2. Archive Project Summary
  3. Archive Project Messages
  4. Files Archived



----------------
; Legal Notice ;
----------------
Copyright (C) 2020  Intel Corporation. All rights reserved.
Your use of Intel Corporation's design tools, logic functions 
and other software and tools, and any partner logic 
functions, and any output files from any of the foregoing 
(including device programming or simulation files), and any 
associated documentation or information are expressly subject 
to the terms and conditions of the Intel Program License 
Subscription Agreement, the Intel Quartus Prime License Agreement,
the Intel FPGA IP License Agreement, or other applicable license
agreement, including, without limitation, that your use is for
the sole purpose of programming logic devices manufactured by
Intel and sold by Intel or its authorized distributors.  Please
refer to the applicable agreement for further details, at
https://fpgasoftware.intel.com/eula.



+----------------------------------------------------------------+
; Archive Project Summary                                        ;
+------------------------+---------------------------------------+
; Archive Project Status ; Successful - Wed Mar 19 11:09:39 2025 ;
; Revision Name          ; naurosync                             ;
; Top-level Entity Name  ; neurosync                             ;
; Family                 ; Cyclone V                             ;
+------------------------+---------------------------------------+


+--------------------------+
; Archive Project Messages ;
+--------------------------+
Info: File Set 'Source control' contains:
    Info: Project source and settings files
    Info: Automatically detected source files
Warning: Hierarchical Platform Designer systems and custom IP components(_hw.tcl and associated files) are not archived by the Quartus Archiver
Info: Archive will store files relative to the closest common parent directory
Info (13213): Using common directory C:/Engenharia_de_Computacao_Poli_USP/5_Periodo_(2025_1)/Lab_Dig_1/Projeto/
Info: ----------------------------------------------------------
Info: ----------------------------------------------------------
Info: Generated archive 'C:/Engenharia_de_Computacao_Poli_USP/5_Periodo_(2025_1)/Lab_Dig_1/Projeto/Quartus/neurosync-semana2.qar'
Info: ----------------------------------------------------------
Info: ----------------------------------------------------------
Info: Generated report 'naurosync.archive.rpt'
Info (23030): Evaluation of Tcl script d:/intelquarus_20.1.1.720/quartus/common/tcl/apps/qpm/qar.tcl was successful
Info: Quartus Prime Shell was successful. 0 errors, 1 warning
    Info: Peak virtual memory: 4826 megabytes
    Info: Processing ended: Wed Mar 19 11:09:39 2025
    Info: Elapsed time: 00:00:02
    Info: Total CPU time (on all processors): 00:00:01


+--------------------------------------------------------------------------------------------------+
; Files Archived                                                                                   ;
+--------------------------------------------------------------------------------------------------+
; File Name                                                                                        ;
+--------------------------------------------------------------------------------------------------+
; ../bigAND.v                                                                                      ;
; ../binaryTObcd.v                                                                                 ;
; ../comparador_85.v                                                                               ;
; ../contador_163.v                                                                                ;
; ../contador_m.v                                                                                  ;
; ../decodificadorAcertos.v                                                                        ;
; ../displayMem.v                                                                                  ;
; ../divisorClock.v                                                                                ;
; ../edge_detector.v                                                                               ;
; ../fluxo_dados.v                                                                                 ;
; ../full_edge_detector.v                                                                          ;
; ../hexa7seg.v                                                                                    ;
; ../memoriaFacil.v                                                                                ;
; ../memoriaLEDs0.v                                                                                ;
; ../neurosync.v                                                                                   ;
; ../registrador_1.v                                                                               ;
; ../registrador_4.v                                                                               ;
; ../somador.v                                                                                     ;
; ../tb1.v                                                                                         ;
; ../unidade_controle.v                                                                            ;
; C:/Engenharia_de_Computacao_Poli_USP/5_Periodo_(2025_1)/Lab_Dig_1/Projeto/bigAND.v               ;
; C:/Engenharia_de_Computacao_Poli_USP/5_Periodo_(2025_1)/Lab_Dig_1/Projeto/binaryTObcd.v          ;
; C:/Engenharia_de_Computacao_Poli_USP/5_Periodo_(2025_1)/Lab_Dig_1/Projeto/comparador_85.v        ;
; C:/Engenharia_de_Computacao_Poli_USP/5_Periodo_(2025_1)/Lab_Dig_1/Projeto/contador_163.v         ;
; C:/Engenharia_de_Computacao_Poli_USP/5_Periodo_(2025_1)/Lab_Dig_1/Projeto/contador_m.v           ;
; C:/Engenharia_de_Computacao_Poli_USP/5_Periodo_(2025_1)/Lab_Dig_1/Projeto/decodificadorAcertos.v ;
; C:/Engenharia_de_Computacao_Poli_USP/5_Periodo_(2025_1)/Lab_Dig_1/Projeto/displayMem.v           ;
; C:/Engenharia_de_Computacao_Poli_USP/5_Periodo_(2025_1)/Lab_Dig_1/Projeto/divisorClock.v         ;
; C:/Engenharia_de_Computacao_Poli_USP/5_Periodo_(2025_1)/Lab_Dig_1/Projeto/edge_detector.v        ;
; C:/Engenharia_de_Computacao_Poli_USP/5_Periodo_(2025_1)/Lab_Dig_1/Projeto/fluxo_dados.v          ;
; C:/Engenharia_de_Computacao_Poli_USP/5_Periodo_(2025_1)/Lab_Dig_1/Projeto/full_edge_detector.v   ;
; C:/Engenharia_de_Computacao_Poli_USP/5_Periodo_(2025_1)/Lab_Dig_1/Projeto/hexa7seg.v             ;
; C:/Engenharia_de_Computacao_Poli_USP/5_Periodo_(2025_1)/Lab_Dig_1/Projeto/memoriaFacil.v         ;
; C:/Engenharia_de_Computacao_Poli_USP/5_Periodo_(2025_1)/Lab_Dig_1/Projeto/memoriaLEDs0.v         ;
; C:/Engenharia_de_Computacao_Poli_USP/5_Periodo_(2025_1)/Lab_Dig_1/Projeto/neurosync.v            ;
; C:/Engenharia_de_Computacao_Poli_USP/5_Periodo_(2025_1)/Lab_Dig_1/Projeto/registrador_1.v        ;
; C:/Engenharia_de_Computacao_Poli_USP/5_Periodo_(2025_1)/Lab_Dig_1/Projeto/registrador_4.v        ;
; C:/Engenharia_de_Computacao_Poli_USP/5_Periodo_(2025_1)/Lab_Dig_1/Projeto/somador.v              ;
; C:/Engenharia_de_Computacao_Poli_USP/5_Periodo_(2025_1)/Lab_Dig_1/Projeto/tb1.v                  ;
; C:/Engenharia_de_Computacao_Poli_USP/5_Periodo_(2025_1)/Lab_Dig_1/Projeto/unidade_controle.v     ;
; d:/intelquarus_20.1.1.720/quartus/bin64/assignment_defaults.qdf                                  ;
; naurosync.qpf                                                                                    ;
; naurosync.qsf                                                                                    ;
+--------------------------------------------------------------------------------------------------+


